Circuit: *** SPICE deck for cell XOR_sim{sch} from library XorGate

Warning: Multiple definitions of model "p" Type: BSIM3
Warning: Multiple definitions of model "n" Type: BSIM3
Ignoring BSIM parameter XL
Ignoring BSIM parameter XW
Ignoring BSIM parameter XL
Ignoring BSIM parameter XW
Warning: Pd = 0 is less than W.
Warning: Ps = 0 is less than W.
Warning: Pd = 0 is less than W.
Warning: Ps = 0 is less than W.
Direct Newton iteration for .op point succeeded.

Date: Sun Dec 14 22:37:31 2025
Total elapsed time: 0.085 seconds.

tnom = 27
temp = 27
method = modified trap
totiter = 3049
traniter = 3015
tranpoints = 1141
accept = 1108
rejected = 33
matrix size = 13
fillins = 2
solver = Normal
Matrix Compiler1: 1,02 KB object code size  0.2/0.1/[0.1]
Matrix Compiler2: off  [0.1]/0.1/0.1


