Circuit: *** SPICE deck for cell fa_8{lay} from library full_adder_8

Warning: Multiple definitions of model "p" Type: BSIM3
Warning: Multiple definitions of model "n" Type: BSIM3
Ignoring BSIM parameter XL
Ignoring BSIM parameter XW
Ignoring BSIM parameter XL
Ignoring BSIM parameter XW
Vb6: Removing PWL point (2e-008,0)
Va6: Removing PWL point (2e-008,0)
Vb5: Removing PWL point (2e-008,0)
Va3: Removing PWL point (2e-008,0)
Va2: Removing PWL point (2e-008,0)
Vb1: Removing PWL point (2e-008,0)
WARNING: Node FA@0_C_IN is floating.

Direct Newton iteration for .op point succeeded.

Date: Fri Dec 19 23:39:01 2025
Total elapsed time: 0.638 seconds.

tnom = 27
temp = 27
method = modified trap
totiter = 3329
traniter = 3290
tranpoints = 1385
accept = 1278
rejected = 107
matrix size = 203
fillins = 140
solver = Normal
Thread vector: 722.5/56.0[16] 61.3/9.1[16] 19.3/5.1[13] 0.7/1.4[1]  2592/500
Matrix Compiler1: 33,0 KB object code size  4.8/2.6/[1.6]
Matrix Compiler2: 28,8 KB object code size  2.5/2.9/[1.0]


