Circuit: *** SPICE deck for cell ha{lay} from library half_adder

Warning: Multiple definitions of model "p" Type: BSIM3
Warning: Multiple definitions of model "n" Type: BSIM3
Ignoring BSIM parameter XL
Ignoring BSIM parameter XW
Ignoring BSIM parameter XL
Ignoring BSIM parameter XW
Direct Newton iteration for .op point succeeded.

Date: Mon Dec 15 22:56:00 2025
Total elapsed time: 0.113 seconds.

tnom = 27
temp = 27
method = modified trap
totiter = 2736
traniter = 2725
tranpoints = 1177
accept = 1131
rejected = 46
matrix size = 15
fillins = 0
solver = Normal
Matrix Compiler1: 1,14 KB object code size  0.2/0.1/[0.1]
Matrix Compiler2: 1,65 KB object code size  0.1/0.1/[0.1]


