Circuit: *** SPICE deck for cell NAND_sim{sch} from library NandGate

Warning: Multiple definitions of model "p" Type: BSIM3
Warning: Multiple definitions of model "n" Type: BSIM3
Ignoring BSIM parameter XL
Ignoring BSIM parameter XW
Ignoring BSIM parameter XL
Ignoring BSIM parameter XW
Warning: Pd = 0 is less than W.
Warning: Ps = 0 is less than W.
Warning: Pd = 0 is less than W.
Warning: Ps = 0 is less than W.
Direct Newton iteration for .op point succeeded.

tf=1.93555e-009 FROM 1.45299e-008 TO 1.64654e-008
tr=2.12873e-009 FROM 5.46777e-008 TO 5.68065e-008


Date: Fri Dec 12 23:04:10 2025
Total elapsed time: 0.081 seconds.

tnom = 27
temp = 27
method = modified trap
totiter = 2481
traniter = 2473
tranpoints = 1078
accept = 1076
rejected = 2
matrix size = 8
fillins = 0
solver = Normal
Matrix Compiler1:      20 opcodes  0.1/[0.0]/0.1
Matrix Compiler2: 624 bayt object code size  0.0/0.1/[0.0]


