Circuit: *** SPICE deck for cell Inv_sim{lay} from library Inverter

Warning: Multiple definitions of model "p" Type: BSIM3
Warning: Multiple definitions of model "n" Type: BSIM3
Ignoring BSIM parameter XL
Ignoring BSIM parameter XW
Ignoring BSIM parameter XL
Ignoring BSIM parameter XW
Direct Newton iteration for .op point succeeded.

tf=3.32269e-009 FROM 1.37793e-008 TO 1.7102e-008
tr=3.83428e-009 FROM 5.59757e-008 TO 5.981e-008


Date: Fri Dec 12 23:02:26 2025
Total elapsed time: 0.070 seconds.

tnom = 27
temp = 27
method = modified trap
totiter = 2120
traniter = 2111
tranpoints = 1054
accept = 1054
rejected = 0
matrix size = 5
fillins = 0
solver = Normal
Matrix Compiler1: 204 bayt object code size  0.0/0.1/[0.0]
Matrix Compiler2: 311 bayt object code size  0.0/0.0/[0.0]


