Circuit: *** SPICE deck for cell mux2x1{lay} from library mux_2_1

Warning: Multiple definitions of model "p" Type: BSIM3
Warning: Multiple definitions of model "n" Type: BSIM3
Ignoring BSIM parameter XL
Ignoring BSIM parameter XW
Ignoring BSIM parameter XL
Ignoring BSIM parameter XW
Vd1: Removing PWL point (2e-008,5)
Vs: Removing PWL point (4e-008,0)
Vs: Removing PWL point (9e-008,5)
Direct Newton iteration for .op point succeeded.

Date: Wed Dec 17 22:53:50 2025
Total elapsed time: 0.286 seconds.

tnom = 27
temp = 27
method = modified trap
totiter = 2200
traniter = 2191
tranpoints = 1079
accept = 1077
rejected = 2
matrix size = 10
fillins = 0
solver = Normal
Matrix Compiler1: 490 bayt object code size  0.1/0.1/[0.0]
Matrix Compiler2: 924 bayt object code size  0.1/0.1/[0.1]


