Circuit: *** SPICE deck for cell XOR{lay} from library XorGate

Warning: Multiple definitions of model "p" Type: BSIM3
Warning: Multiple definitions of model "n" Type: BSIM3
Ignoring BSIM parameter XL
Ignoring BSIM parameter XW
Ignoring BSIM parameter XL
Ignoring BSIM parameter XW
Direct Newton iteration for .op point succeeded.

Date: Mon Dec 15 21:36:18 2025
Total elapsed time: 0.103 seconds.

tnom = 27
temp = 27
method = modified trap
totiter = 2552
traniter = 2541
tranpoints = 1131
accept = 1102
rejected = 29
matrix size = 12
fillins = 0
solver = Normal
Matrix Compiler1: 946 bayt object code size  0.1/0.1/[0.1]
Matrix Compiler2: 1,27 KB object code size  0.1/0.1/[0.1]


