Circuit: *** SPICE deck for cell fa{lay} from library full_adder

Warning: Multiple definitions of model "p" Type: BSIM3
Warning: Multiple definitions of model "n" Type: BSIM3
Ignoring BSIM parameter XL
Ignoring BSIM parameter XW
Ignoring BSIM parameter XL
Ignoring BSIM parameter XW
Vcin: Removing PWL point (1e-007,0)
Direct Newton iteration for .op point succeeded.

Date: Tue Dec 16 22:48:41 2025
Total elapsed time: 0.134 seconds.

tnom = 27
temp = 27
method = modified trap
totiter = 3756
traniter = 3726
tranpoints = 1446
accept = 1301
rejected = 145
matrix size = 29
fillins = 6
solver = Normal
Thread vector: 35.7/11.3[4] 5.5/2.3[4] 1.6/0.8[4] 0.2/0.8[1]  2592/500
Matrix Compiler1: 3,13 KB object code size  0.5/0.4/[0.2]
Matrix Compiler2: 3,61 KB object code size  0.4/0.3/[0.2]


