Circuit: *** SPICE deck for cell fa_8{sch} from library full_adder_8

Warning: Multiple definitions of model "p" Type: BSIM3
Warning: Multiple definitions of model "n" Type: BSIM3
Ignoring BSIM parameter XL
Ignoring BSIM parameter XW
Ignoring BSIM parameter XL
Ignoring BSIM parameter XW
Vb6: Removing PWL point (2e-008,0)
Va6: Removing PWL point (2e-008,0)
Vb5: Removing PWL point (2e-008,0)
Va3: Removing PWL point (2e-008,0)
Va2: Removing PWL point (2e-008,0)
Vb1: Removing PWL point (2e-008,0)
WARNING: Node FA@7_C_IN is floating.

Warning: Pd = 0 is less than W.
Warning: Ps = 0 is less than W.
Warning: Pd = 0 is less than W.
Warning: Ps = 0 is less than W.
Direct Newton iteration for .op point succeeded.

Date: Thu Dec 18 20:23:35 2025
Total elapsed time: 0.441 seconds.

tnom = 27
temp = 27
method = modified trap
totiter = 3765
traniter = 3729
tranpoints = 1438
accept = 1311
rejected = 127
matrix size = 203
fillins = 136
solver = Normal
Thread vector: 312.0/39.2[16] 49.5/10.1[16] 20.3/4.3[16] 0.7/1.3[1]  2592/500
Matrix Compiler1: 33,0 KB object code size  5.4/2.2/[1.1]
Matrix Compiler2: 28,7 KB object code size  2.4/2.1/[0.8]


